------------------------------------------------------------
Timing Analyzer Summary
------------------------------------------------------------

Type  : Slow 1100mV 85C Model Setup 'CLOCK_50'
Slack : -9.521
TNS   : -3822.270

Type  : Slow 1100mV 85C Model Hold 'CLOCK_50'
Slack : 0.471
TNS   : 0.000

Type  : Slow 1100mV 85C Model Recovery 'FPGA_RESET_N'
Slack : -4.506
TNS   : -4.506

Type  : Slow 1100mV 85C Model Recovery 'KEY[1]'
Slack : -4.485
TNS   : -4.485

Type  : Slow 1100mV 85C Model Recovery 'KEY[0]'
Slack : -4.272
TNS   : -4.272

Type  : Slow 1100mV 85C Model Removal 'KEY[0]'
Slack : 1.352
TNS   : 0.000

Type  : Slow 1100mV 85C Model Removal 'KEY[1]'
Slack : 1.462
TNS   : 0.000

Type  : Slow 1100mV 85C Model Removal 'FPGA_RESET_N'
Slack : 1.481
TNS   : 0.000

Type  : Slow 1100mV 85C Model Minimum Pulse Width 'CLOCK_50'
Slack : -0.538
TNS   : -519.134

Type  : Slow 1100mV 85C Model Minimum Pulse Width 'KEY[1]'
Slack : -0.538
TNS   : -0.904

Type  : Slow 1100mV 85C Model Minimum Pulse Width 'KEY[0]'
Slack : -0.538
TNS   : -0.882

Type  : Slow 1100mV 85C Model Minimum Pulse Width 'FPGA_RESET_N'
Slack : -0.538
TNS   : -0.877

Type  : Slow 1100mV 0C Model Setup 'CLOCK_50'
Slack : -9.546
TNS   : -3730.264

Type  : Slow 1100mV 0C Model Hold 'CLOCK_50'
Slack : 0.505
TNS   : 0.000

Type  : Slow 1100mV 0C Model Recovery 'FPGA_RESET_N'
Slack : -4.845
TNS   : -4.845

Type  : Slow 1100mV 0C Model Recovery 'KEY[1]'
Slack : -4.785
TNS   : -4.785

Type  : Slow 1100mV 0C Model Recovery 'KEY[0]'
Slack : -4.544
TNS   : -4.544

Type  : Slow 1100mV 0C Model Removal 'KEY[0]'
Slack : 1.463
TNS   : 0.000

Type  : Slow 1100mV 0C Model Removal 'KEY[1]'
Slack : 1.530
TNS   : 0.000

Type  : Slow 1100mV 0C Model Removal 'FPGA_RESET_N'
Slack : 1.602
TNS   : 0.000

Type  : Slow 1100mV 0C Model Minimum Pulse Width 'CLOCK_50'
Slack : -0.538
TNS   : -460.541

Type  : Slow 1100mV 0C Model Minimum Pulse Width 'KEY[1]'
Slack : -0.538
TNS   : -0.917

Type  : Slow 1100mV 0C Model Minimum Pulse Width 'FPGA_RESET_N'
Slack : -0.538
TNS   : -0.907

Type  : Slow 1100mV 0C Model Minimum Pulse Width 'KEY[0]'
Slack : -0.538
TNS   : -0.901

Type  : Fast 1100mV 85C Model Setup 'CLOCK_50'
Slack : -4.449
TNS   : -1738.198

Type  : Fast 1100mV 85C Model Hold 'CLOCK_50'
Slack : 0.184
TNS   : 0.000

Type  : Fast 1100mV 85C Model Recovery 'FPGA_RESET_N'
Slack : -1.752
TNS   : -1.752

Type  : Fast 1100mV 85C Model Recovery 'KEY[1]'
Slack : -1.611
TNS   : -1.611

Type  : Fast 1100mV 85C Model Recovery 'KEY[0]'
Slack : -1.588
TNS   : -1.588

Type  : Fast 1100mV 85C Model Removal 'KEY[0]'
Slack : 0.370
TNS   : 0.000

Type  : Fast 1100mV 85C Model Removal 'KEY[1]'
Slack : 0.401
TNS   : 0.000

Type  : Fast 1100mV 85C Model Removal 'FPGA_RESET_N'
Slack : 0.579
TNS   : 0.000

Type  : Fast 1100mV 85C Model Minimum Pulse Width 'KEY[1]'
Slack : -0.511
TNS   : -1.493

Type  : Fast 1100mV 85C Model Minimum Pulse Width 'CLOCK_50'
Slack : -0.410
TNS   : -265.703

Type  : Fast 1100mV 85C Model Minimum Pulse Width 'KEY[0]'
Slack : -0.408
TNS   : -1.155

Type  : Fast 1100mV 85C Model Minimum Pulse Width 'FPGA_RESET_N'
Slack : -0.339
TNS   : -0.873

Type  : Fast 1100mV 0C Model Setup 'CLOCK_50'
Slack : -3.936
TNS   : -1493.871

Type  : Fast 1100mV 0C Model Hold 'CLOCK_50'
Slack : 0.139
TNS   : 0.000

Type  : Fast 1100mV 0C Model Recovery 'FPGA_RESET_N'
Slack : -1.555
TNS   : -1.555

Type  : Fast 1100mV 0C Model Recovery 'KEY[1]'
Slack : -1.414
TNS   : -1.414

Type  : Fast 1100mV 0C Model Recovery 'KEY[0]'
Slack : -1.392
TNS   : -1.392

Type  : Fast 1100mV 0C Model Removal 'KEY[0]'
Slack : 0.314
TNS   : 0.000

Type  : Fast 1100mV 0C Model Removal 'KEY[1]'
Slack : 0.349
TNS   : 0.000

Type  : Fast 1100mV 0C Model Removal 'FPGA_RESET_N'
Slack : 0.514
TNS   : 0.000

Type  : Fast 1100mV 0C Model Minimum Pulse Width 'KEY[1]'
Slack : -0.556
TNS   : -1.688

Type  : Fast 1100mV 0C Model Minimum Pulse Width 'KEY[0]'
Slack : -0.465
TNS   : -1.399

Type  : Fast 1100mV 0C Model Minimum Pulse Width 'CLOCK_50'
Slack : -0.446
TNS   : -317.303

Type  : Fast 1100mV 0C Model Minimum Pulse Width 'FPGA_RESET_N'
Slack : -0.404
TNS   : -1.161

------------------------------------------------------------
